Set paper size 	595.275597	841.8897729
Begin page
Mx 	560.8194
My 	780.6177
Set font 	Gentium Plus;10;400;;normal;;;LTR
T	20 w=4.6924	(1)
New page
Mx 	29.7638
My 	780.5689
T	21 w=4.6924	(2)
End page
Finish
